// Jest Snapshot v1, https://goo.gl/fbAQLP

exports[`should render AddChecklistPage correctly 1`] = `
<div>
  <div
    className="page-header"
  >
    <div
      className="content-container"
    >
      <h1
        className="page-header__title"
      >
        Add Checklist
      </h1>
    </div>
  </div>
  <ChecklistForm
    command="Add"
    onSubmit={[Function]}
  />
</div>
`;
