// Jest Snapshot v1, https://goo.gl/fbAQLP

exports[`should render DashboardPage correctly 1`] = `
<div
  className="content-container"
>
  <h1>
    You have 
    3
     checklists to use:
  </h1>
  <p
    key="1"
  >
    bed time
  </p>
  <p
    key="2"
  >
    car
  </p>
  <p
    key="3"
  >
    friday
  </p>
</div>
`;
